{
    "-profile test": {
        "content": [
            18,
            {
                "FASTP_PAIRED": {
                    "fastp": "1.1.0"
                },
                "FASTQC": {
                    "fastqc": "0.12.1"
                },
                "FASTQC_PROCESSED": {
                    "fastqc": "0.12.1"
                },
                "FASTQSCANPARSE_PROCESSED": {
                    "python": "3.13.5"
                },
                "FASTQSCANPARSE_RAW": {
                    "python": "3.13.5"
                },
                "FASTQSCAN_PROCESSED": {
                    "fastqscan": "0.4.4"
                },
                "FASTQSCAN_RAW": {
                    "fastqscan": "0.4.4"
                },
                "GET_GENOME_SIZE": {
                    "gawk": null
                },
                "GUNZIP": {
                    "gunzip": 1.13
                },
                "READSTATS_PARSE": {
                    "python": "3.13.5"
                },
                "READ_STATS": {
                    "python": "3.13.5"
                },
                "SAMTOOLS_FAIDX": {
                    "samtools": "1.23.1"
                },
                "Workflow": {
                    "nf-core/bactmap": "v2.0.0"
                }
            },
            [
                "fastp",
                "fastp/01_test_1.fastp.html",
                "fastp/01_test_1.fastp.json",
                "fastp/01_test_1.fastp.log",
                "fastp/02_test_2.fastp.html",
                "fastp/02_test_2.fastp.json",
                "fastp/02_test_2.fastp.log",
                "fastqc",
                "fastqc/processed",
                "fastqc/processed/01_test_1_processed_1_fastqc.html",
                "fastqc/processed/01_test_1_processed_1_fastqc.zip",
                "fastqc/processed/01_test_1_processed_2_fastqc.html",
                "fastqc/processed/01_test_1_processed_2_fastqc.zip",
                "fastqc/processed/02_test_2_processed_1_fastqc.html",
                "fastqc/processed/02_test_2_processed_1_fastqc.zip",
                "fastqc/processed/02_test_2_processed_2_fastqc.html",
                "fastqc/processed/02_test_2_processed_2_fastqc.zip",
                "fastqc/raw",
                "fastqc/raw/01_test_1_raw_1_fastqc.html",
                "fastqc/raw/01_test_1_raw_1_fastqc.zip",
                "fastqc/raw/01_test_1_raw_2_fastqc.html",
                "fastqc/raw/01_test_1_raw_2_fastqc.zip",
                "fastqc/raw/02_test_2_raw_1_fastqc.html",
                "fastqc/raw/02_test_2_raw_1_fastqc.zip",
                "fastqc/raw/02_test_2_raw_2_fastqc.html",
                "fastqc/raw/02_test_2_raw_2_fastqc.zip",
                "fastqscan",
                "fastqscan/processed",
                "fastqscan/processed/01_test_1.processed.json",
                "fastqscan/processed/02_test_2.processed.json",
                "fastqscan/raw",
                "fastqscan/raw/01_test_1.raw.json",
                "fastqscan/raw/02_test_2.raw.json",
                "gunzip",
                "gunzip/genome.fna",
                "pipeline_info",
                "pipeline_info/nf_core_bactmap_software_mqc_versions.yml",
                "read_stats",
                "read_stats/01_test_1.read_stats.csv",
                "read_stats/02_test_2.read_stats.csv",
                "samtools",
                "samtools/faidx",
                "samtools/faidx/genome.fna.fai",
                "summaries",
                "summaries/processed_fastq-scan_summary.tsv",
                "summaries/raw_fastq-scan_summary.tsv",
                "summaries/read_stats_summary.tsv"
            ],
            [
                "01_test_1.fastp.html:md5,e4980f7d2b91094df0b81f6198d504ec",
                "01_test_1.fastp.json:md5,4d6250d87878809fad712f64efadc570",
                "01_test_1.fastp.log:md5,c3eb8af673e5924bc04b8d9ba08a359d",
                "02_test_2.fastp.html:md5,5cfc46f487078395ca0f6e241b25b191",
                "02_test_2.fastp.json:md5,4b3c4e8666cab929e73a13b72db3d397",
                "02_test_2.fastp.log:md5,71cc5e44a38657da51d9682b230f4644",
                "01_test_1_processed_1_fastqc.html:md5,f98275eaac0ebb457c1bff4eff2ce1dd",
                "01_test_1_processed_1_fastqc.zip:md5,5094fee54bb6bc0e4a09aab2c315525b",
                "01_test_1_processed_2_fastqc.html:md5,95976af2a991f4ed049f5dac4ba187de",
                "01_test_1_processed_2_fastqc.zip:md5,486d1528715130347ca2b7944cc80a5f",
                "02_test_2_processed_1_fastqc.html:md5,63db150e1375c80ed480736096a16531",
                "02_test_2_processed_1_fastqc.zip:md5,24f1a077083bb1e06f42123cf2d33854",
                "02_test_2_processed_2_fastqc.html:md5,a1475c79049c3cfc23c7619e423ffda6",
                "02_test_2_processed_2_fastqc.zip:md5,4438a163dcc18897aa9b1497063c252e",
                "01_test_1_raw_1_fastqc.html:md5,8967f235f2b973c2c2e0dbfd61bb7888",
                "01_test_1_raw_1_fastqc.zip:md5,c41b4954982f7b1ddf2af46da1dc3f10",
                "01_test_1_raw_2_fastqc.html:md5,d1551b31db7acce89e63d688db6b0a80",
                "01_test_1_raw_2_fastqc.zip:md5,89dfee9e4c9a299a4d5ea94194a3786d",
                "02_test_2_raw_1_fastqc.html:md5,7e9c40a249858582c9898013b50860bc",
                "02_test_2_raw_1_fastqc.zip:md5,1af6d11a78790d58e02e675f9ced1367",
                "02_test_2_raw_2_fastqc.html:md5,d83ea1affc648a4b0641bf311ed29ce5",
                "02_test_2_raw_2_fastqc.zip:md5,df0c498adbee0848f719dfd41b407081",
                "01_test_1.processed.json:md5,125efed1942221fbf536885fbf475e66",
                "02_test_2.processed.json:md5,78fbdb421671f255b1c0e12cfe0653a4",
                "01_test_1.raw.json:md5,39066d3164d2dbdc7a198468cacaf838",
                "02_test_2.raw.json:md5,3cb79d84ea9de94940e4d1799c0e1c2b",
                "genome.fna:md5,dafd38f5454b54fbea38245d773062a5",
                "01_test_1.read_stats.csv:md5,ff40aaa6720a766448a3b8bde72f530f",
                "02_test_2.read_stats.csv:md5,c0186b0b0464a58d780334ebb63cc70a",
                "genome.fna.fai:md5,aa44b24652a42e538478dea3492480dd",
                "processed_fastq-scan_summary.tsv:md5,2aa64d4dff6aa9f062872634a2d5c08b",
                "raw_fastq-scan_summary.tsv:md5,d175a5a6fde88f7275b7833eff01e454",
                "read_stats_summary.tsv:md5,e24c3bce8a36a7ca8924ed05e45b0ae8"
            ]
        ],
        "timestamp": "2026-05-01T16:40:51.782241",
        "meta": {
            "nf-test": "0.9.5",
            "nextflow": "26.04.0"
        }
    }
}