{
    "-profile test": {
        "content": [
            44,
            {
                "ALIGNPSEUDOGENOMES": {
                    "python": "3.9.1"
                },
                "BCFTOOLS_CONSENSUS": {
                    "bcftools": "1.23.1"
                },
                "BCFTOOLS_FILTER": {
                    "bcftools": "1.23.1"
                },
                "BCFTOOLS_INDEX": {
                    "bcftools": "1.23.1"
                },
                "BCFTOOLS_NORM": {
                    "bcftools": "1.23.1"
                },
                "BCFTOOLS_QUERY": {
                    "bcftools": "1.23.1"
                },
                "BCFTOOLS_SORT": {
                    "bcftools": "1.23.1"
                },
                "BCFTOOLS_STATS": {
                    "bcftools": "1.23.1"
                },
                "BEDTOOLS_GENOMECOV": {
                    "bedtools": "2.31.1"
                },
                "BEDTOOLS_SUBTRACT": {
                    "bedtools": "2.31.1"
                },
                "BOWTIE2_ALIGN": {
                    "bowtie2": "2.5.4",
                    "pigz": 2.8,
                    "samtools": 1.21
                },
                "BOWTIE2_BUILD": {
                    "bowtie2": "2.5.4"
                },
                "CONCATENATE_FASTA": {
                    "python": "3.9.1"
                },
                "FASTP_PAIRED": {
                    "fastp": "1.1.0"
                },
                "FASTQC": {
                    "fastqc": "0.12.1"
                },
                "FASTQC_PROCESSED": {
                    "fastqc": "0.12.1"
                },
                "FASTQSCANPARSE_PROCESSED": {
                    "python": "3.13.5"
                },
                "FASTQSCANPARSE_RAW": {
                    "python": "3.13.5"
                },
                "FASTQSCAN_PROCESSED": {
                    "fastqscan": "0.4.4"
                },
                "FASTQSCAN_RAW": {
                    "fastqscan": "0.4.4"
                },
                "FREEBAYES": {
                    "freebayes": "1.3.10"
                },
                "GET_GENOME_SIZE": {
                    "gawk": null
                },
                "GUNZIP": {
                    "gunzip": 1.13
                },
                "MINIMAP2_INDEX": {
                    "minimap2": "2.30-r1287"
                },
                "RASUSA": {
                    "rasusa": "0.3.0"
                },
                "READSTATS_PARSE": {
                    "python": "3.13.5"
                },
                "READ_STATS": {
                    "python": "3.13.5"
                },
                "RENAME_FASTA_HEADER": {
                    "sed": "sed (GNU sed) 4.9"
                },
                "SAMTOOLS_FAIDX": {
                    "samtools": "1.23.1"
                },
                "SAMTOOLS_FLAGSTAT": {
                    "samtools": "1.23.1"
                },
                "SAMTOOLS_IDXSTATS": {
                    "samtools": "1.23.1"
                },
                "SAMTOOLS_INDEX": {
                    "samtools": "1.23.1"
                },
                "SAMTOOLS_SORT": {
                    "samtools": "1.23.1"
                },
                "SAMTOOLS_STATS": {
                    "samtools": "1.23.1"
                },
                "SEQTK_COMP": {
                    "seqtk": "1.4-r122"
                },
                "SEQTK_PARSE": {
                    "python": "3.13.5"
                },
                "Workflow": {
                    "nf-core/bactmap": "v2.0.0"
                }
            },
            [
                "bcftools",
                "bcftools/consensus",
                "bcftools/consensus/02.fa",
                "bcftools/filter",
                "bcftools/filter/02.filtered.vcf.gz",
                "bcftools/filter/02.filtered.vcf.gz.tbi",
                "bcftools/query",
                "bcftools/query/02.txt",
                "bcftools/sort",
                "bcftools/sort/02.sorted.vcf.gz",
                "bcftools/sort/02.sorted.vcf.gz.tbi",
                "bcftools/stats",
                "bcftools/stats/02.bcftools_stats.txt",
                "bedtools",
                "bedtools/genomecov",
                "bedtools/genomecov/02.bed",
                "bedtools/subtract",
                "bedtools/subtract/02.subtracted.bed",
                "bowtie2",
                "bowtie2/align",
                "bowtie2/align/02.bowtie2.log",
                "bowtie2/build",
                "bowtie2/build/bowtie2",
                "bowtie2/build/bowtie2/genome.1.bt2",
                "bowtie2/build/bowtie2/genome.2.bt2",
                "bowtie2/build/bowtie2/genome.3.bt2",
                "bowtie2/build/bowtie2/genome.4.bt2",
                "bowtie2/build/bowtie2/genome.rev.1.bt2",
                "bowtie2/build/bowtie2/genome.rev.2.bt2",
                "fastp",
                "fastp/01_test_1.fastp.html",
                "fastp/01_test_1.fastp.json",
                "fastp/01_test_1.fastp.log",
                "fastp/02_test_2.fastp.html",
                "fastp/02_test_2.fastp.json",
                "fastp/02_test_2.fastp.log",
                "fastqc",
                "fastqc/processed",
                "fastqc/processed/01_test_1_processed_1_fastqc.html",
                "fastqc/processed/01_test_1_processed_1_fastqc.zip",
                "fastqc/processed/01_test_1_processed_2_fastqc.html",
                "fastqc/processed/01_test_1_processed_2_fastqc.zip",
                "fastqc/processed/02_test_2_processed_1_fastqc.html",
                "fastqc/processed/02_test_2_processed_1_fastqc.zip",
                "fastqc/processed/02_test_2_processed_2_fastqc.html",
                "fastqc/processed/02_test_2_processed_2_fastqc.zip",
                "fastqc/raw",
                "fastqc/raw/01_test_1_raw_1_fastqc.html",
                "fastqc/raw/01_test_1_raw_1_fastqc.zip",
                "fastqc/raw/01_test_1_raw_2_fastqc.html",
                "fastqc/raw/01_test_1_raw_2_fastqc.zip",
                "fastqc/raw/02_test_2_raw_1_fastqc.html",
                "fastqc/raw/02_test_2_raw_1_fastqc.zip",
                "fastqc/raw/02_test_2_raw_2_fastqc.html",
                "fastqc/raw/02_test_2_raw_2_fastqc.zip",
                "fastqscan",
                "fastqscan/processed",
                "fastqscan/processed/01_test_1.processed.json",
                "fastqscan/processed/02_test_2.processed.json",
                "fastqscan/raw",
                "fastqscan/raw/01_test_1.raw.json",
                "fastqscan/raw/02_test_2.raw.json",
                "filtered_variants",
                "filtered_variants/02.filtered.norm.vcf.gz",
                "filtered_variants/02.filtered.norm.vcf.gz.tbi",
                "freebayes",
                "freebayes/02.vcf.gz",
                "gunzip",
                "gunzip/genome.fna",
                "minimap2",
                "minimap2/index",
                "minimap2/index/genome.mmi",
                "multiqc",
                "multiqc/multiqc_data",
                "multiqc/multiqc_data/bcftools_stats_indel-lengths.txt",
                "multiqc/multiqc_data/fastp-insert-size-plot.txt",
                "multiqc/multiqc_data/fastp-seq-content-gc-plot_Read_1_After_filtering.txt",
                "multiqc/multiqc_data/fastp-seq-content-gc-plot_Read_1_Before_filtering.txt",
                "multiqc/multiqc_data/fastp-seq-content-gc-plot_Read_2_After_filtering.txt",
                "multiqc/multiqc_data/fastp-seq-content-gc-plot_Read_2_Before_filtering.txt",
                "multiqc/multiqc_data/fastp-seq-content-n-plot_Read_1_After_filtering.txt",
                "multiqc/multiqc_data/fastp-seq-content-n-plot_Read_1_Before_filtering.txt",
                "multiqc/multiqc_data/fastp-seq-content-n-plot_Read_2_After_filtering.txt",
                "multiqc/multiqc_data/fastp-seq-content-n-plot_Read_2_Before_filtering.txt",
                "multiqc/multiqc_data/fastp-seq-quality-plot_Read_1_After_filtering.txt",
                "multiqc/multiqc_data/fastp-seq-quality-plot_Read_1_Before_filtering.txt",
                "multiqc/multiqc_data/fastp-seq-quality-plot_Read_2_After_filtering.txt",
                "multiqc/multiqc_data/fastp-seq-quality-plot_Read_2_Before_filtering.txt",
                "multiqc/multiqc_data/fastp_filtered_reads_plot.txt",
                "multiqc/multiqc_data/fastqc-1-status-check-heatmap.txt",
                "multiqc/multiqc_data/fastqc-1_per_base_n_content_plot.txt",
                "multiqc/multiqc_data/fastqc-1_per_base_sequence_quality_plot.txt",
                "multiqc/multiqc_data/fastqc-1_per_sequence_gc_content_plot_Counts.txt",
                "multiqc/multiqc_data/fastqc-1_per_sequence_gc_content_plot_Percentages.txt",
                "multiqc/multiqc_data/fastqc-1_per_sequence_quality_scores_plot.txt",
                "multiqc/multiqc_data/fastqc-1_sequence_counts_plot.txt",
                "multiqc/multiqc_data/fastqc-1_sequence_duplication_levels_plot.txt",
                "multiqc/multiqc_data/fastqc-status-check-heatmap.txt",
                "multiqc/multiqc_data/fastqc_per_base_n_content_plot.txt",
                "multiqc/multiqc_data/fastqc_per_base_sequence_quality_plot.txt",
                "multiqc/multiqc_data/fastqc_per_sequence_gc_content_plot_Counts.txt",
                "multiqc/multiqc_data/fastqc_per_sequence_gc_content_plot_Percentages.txt",
                "multiqc/multiqc_data/fastqc_per_sequence_quality_scores_plot.txt",
                "multiqc/multiqc_data/fastqc_sequence_counts_plot.txt",
                "multiqc/multiqc_data/fastqc_sequence_duplication_levels_plot.txt",
                "multiqc/multiqc_data/fastqc_sequence_length_distribution_plot.txt",
                "multiqc/multiqc_data/llms-full.txt",
                "multiqc/multiqc_data/multiqc.log",
                "multiqc/multiqc_data/multiqc.parquet",
                "multiqc/multiqc_data/multiqc_bcftools_stats_bcftools.txt",
                "multiqc/multiqc_data/multiqc_citations.txt",
                "multiqc/multiqc_data/multiqc_data.json",
                "multiqc/multiqc_data/multiqc_fastp.txt",
                "multiqc/multiqc_data/multiqc_fastqc.txt",
                "multiqc/multiqc_data/multiqc_fastqc_fastqc-1.txt",
                "multiqc/multiqc_data/multiqc_general_stats.txt",
                "multiqc/multiqc_data/multiqc_samtools_stats_samtools.txt",
                "multiqc/multiqc_data/multiqc_software_versions.txt",
                "multiqc/multiqc_data/multiqc_sources.txt",
                "multiqc/multiqc_data/samtools-stats-dp.txt",
                "multiqc/multiqc_data/samtools_alignment_plot.txt",
                "multiqc/multiqc_data/samtools_insert_size.txt",
                "multiqc/multiqc_report.html",
                "pipeline_info",
                "pipeline_info/nf_core_bactmap_software_mqc_versions.yml",
                "pseudogenomes",
                "pseudogenomes/02.fa",
                "pseudogenomes/aligned_pseudogenomes.fas",
                "rasusa",
                "rasusa/01.subsampled_1.fastq.gz",
                "rasusa/01.subsampled_2.fastq.gz",
                "rasusa/02.subsampled_1.fastq.gz",
                "rasusa/02.subsampled_2.fastq.gz",
                "read_stats",
                "read_stats/01_test_1.read_stats.csv",
                "read_stats/02_test_2.read_stats.csv",
                "samtools",
                "samtools/faidx",
                "samtools/faidx/genome.fna.fai",
                "samtools/sort",
                "samtools/sort/02.sorted.bam",
                "samtools/sort/02.sorted.bam.bai",
                "samtools/stats",
                "samtools/stats/02.sorted.flagstat",
                "samtools/stats/02.sorted.idxstats",
                "samtools/stats/02.sorted.stats",
                "seqtk",
                "seqtk/02.seqtk_stats.tsv",
                "summaries",
                "summaries/mapping_summary.tsv",
                "summaries/processed_fastq-scan_summary.tsv",
                "summaries/raw_fastq-scan_summary.tsv",
                "summaries/read_stats_summary.tsv"
            ],
            [
                "02.fa:md5,9048642262df13a6fc427b2d971b7546",
                "02.filtered.vcf.gz:md5,2379e696213ae9a9752a249c97fa0d76",
                "02.filtered.vcf.gz.tbi:md5,4cb176febbc8c26d717a6c6e67b9c905",
                "02.txt:md5,d41d8cd98f00b204e9800998ecf8427e",
                "02.sorted.vcf.gz:md5,756981ee9bc75686288861aede9dcaea",
                "02.sorted.vcf.gz.tbi:md5,4cb176febbc8c26d717a6c6e67b9c905",
                "02.bcftools_stats.txt:md5,f02558e1efb93b1d737fd17f09df36e9",
                "02.bed:md5,37284f438898485550db0a584251e69f",
                "02.subtracted.bed:md5,37284f438898485550db0a584251e69f",
                "02.bowtie2.log:md5,c352791c3bf8ae5ecc37ee8618716f68",
                "genome.1.bt2:md5,829b755b64d0ca0edfeacffdebef1c0b",
                "genome.2.bt2:md5,4845f032a953c5a4da5cdf49723eebd2",
                "genome.3.bt2:md5,6d1095f738d00d1bde2dc4f954b33179",
                "genome.4.bt2:md5,ab585b4ebed19b28fb670547aecdccf0",
                "genome.rev.1.bt2:md5,a1cc6383eb8d90710502a540f87bfa13",
                "genome.rev.2.bt2:md5,871b69582268b9404cb1884a401cdc39",
                "01_test_1.fastp.html:md5,9578fdb63c484639463d8d27decec33d",
                "01_test_1.fastp.json:md5,4d6250d87878809fad712f64efadc570",
                "01_test_1.fastp.log:md5,0d58b04848d5e4ad06f49ae95f7371f4",
                "02_test_2.fastp.html:md5,f6ecda88b68dca04b512fcf76532e82b",
                "02_test_2.fastp.json:md5,4b3c4e8666cab929e73a13b72db3d397",
                "02_test_2.fastp.log:md5,71fa68d20f08c9b9e9bd449caaf1e7e0",
                "01_test_1_processed_1_fastqc.html:md5,3522a14d74272bdb0e609247f7967a14",
                "01_test_1_processed_1_fastqc.zip:md5,3f078c3f0e7a1eba10eb62086ec723a6",
                "01_test_1_processed_2_fastqc.html:md5,686d92a581aca146d1233e630c6757f4",
                "01_test_1_processed_2_fastqc.zip:md5,bbf05c810e15fbc38f1695ddd96696cc",
                "02_test_2_processed_1_fastqc.html:md5,d444066b3e946c3c233dc298e628efdf",
                "02_test_2_processed_1_fastqc.zip:md5,0db31e2106263b6058362018f83f2f0d",
                "02_test_2_processed_2_fastqc.html:md5,b553360726457f7164dd15c579631428",
                "02_test_2_processed_2_fastqc.zip:md5,4951327f383a03e81c15db72f853722f",
                "01_test_1_raw_1_fastqc.html:md5,dcaba17a977806f50821dcbe080384e6",
                "01_test_1_raw_1_fastqc.zip:md5,d608271dee251a316a1e6334cbdcb561",
                "01_test_1_raw_2_fastqc.html:md5,75174a770c5d61a6a750f46493d62220",
                "01_test_1_raw_2_fastqc.zip:md5,4703f17a4b2fd9b1aefc805c6b7373fa",
                "02_test_2_raw_1_fastqc.html:md5,7db8ebd28867abf86e2e8080eb98be20",
                "02_test_2_raw_1_fastqc.zip:md5,13e0a892a9345f872381c136fb737392",
                "02_test_2_raw_2_fastqc.html:md5,007a2c16b77e0471dfebd3245970b992",
                "02_test_2_raw_2_fastqc.zip:md5,de260822b041ea5d3e83d5aa91a516fa",
                "01_test_1.processed.json:md5,125efed1942221fbf536885fbf475e66",
                "02_test_2.processed.json:md5,78fbdb421671f255b1c0e12cfe0653a4",
                "01_test_1.raw.json:md5,39066d3164d2dbdc7a198468cacaf838",
                "02_test_2.raw.json:md5,3cb79d84ea9de94940e4d1799c0e1c2b",
                "02.filtered.norm.vcf.gz:md5,e75078f2a680a0f17c0d0520c97ae7a3",
                "02.filtered.norm.vcf.gz.tbi:md5,4cb176febbc8c26d717a6c6e67b9c905",
                "02.vcf.gz:md5,b210cbf397185d82656eb06146c59ce5",
                "genome.fna:md5,dafd38f5454b54fbea38245d773062a5",
                "genome.mmi:md5,76c23f17ce1cade4a054bf2763b081db",
                "bcftools_stats_indel-lengths.txt:md5,862dc6826db5504266ff7d6eecf80ae6",
                "fastp-insert-size-plot.txt:md5,162036bf69d2dc7386b43f2bdadac877",
                "fastp-seq-content-gc-plot_Read_1_After_filtering.txt:md5,4edee862ece4eecb5045589a36786591",
                "fastp-seq-content-gc-plot_Read_1_Before_filtering.txt:md5,e1ed0f20f9ee5f6e08a7e4deb49ceb35",
                "fastp-seq-content-gc-plot_Read_2_After_filtering.txt:md5,e96f6d5adfea94d5a3c1c1f69b9447fc",
                "fastp-seq-content-gc-plot_Read_2_Before_filtering.txt:md5,90b5d0855fa34315556fe0cbbb5b4ff3",
                "fastp-seq-content-n-plot_Read_1_After_filtering.txt:md5,9b2e257b68d6fcc7db96f0d8630dd1b7",
                "fastp-seq-content-n-plot_Read_1_Before_filtering.txt:md5,9b2e257b68d6fcc7db96f0d8630dd1b7",
                "fastp-seq-content-n-plot_Read_2_After_filtering.txt:md5,9b2e257b68d6fcc7db96f0d8630dd1b7",
                "fastp-seq-content-n-plot_Read_2_Before_filtering.txt:md5,353cfe0f9e9a15e5eb33e842755d9d4e",
                "fastp-seq-quality-plot_Read_1_After_filtering.txt:md5,4634d3dc04a6c471c3431947d300fef4",
                "fastp-seq-quality-plot_Read_1_Before_filtering.txt:md5,9dad9391b6b77bd6f4bf117e13370e8a",
                "fastp-seq-quality-plot_Read_2_After_filtering.txt:md5,1716923bf26234eea1e5eff9be484423",
                "fastp-seq-quality-plot_Read_2_Before_filtering.txt:md5,01f6e617cc8ed0d81678dff0fe09fe78",
                "fastp_filtered_reads_plot.txt:md5,b0bb82fc4a23564c834ef8c4f4706faf",
                "fastqc-1-status-check-heatmap.txt:md5,2958bbda783b97cef0b64530cbdbb01d",
                "fastqc-1_per_base_n_content_plot.txt:md5,ab8e8d876edde1e457b3153888c88107",
                "fastqc-1_per_base_sequence_quality_plot.txt:md5,ebfcb629f7713a7de62f8cc714227258",
                "fastqc-1_per_sequence_gc_content_plot_Counts.txt:md5,64b4384f9eef2f7c6256b3df0d68d56a",
                "fastqc-1_per_sequence_gc_content_plot_Percentages.txt:md5,d2a0fc017d5ba88e777c855bf89732b9",
                "fastqc-1_per_sequence_quality_scores_plot.txt:md5,c2bc0602f70325f7fb82678c235ad3be",
                "fastqc-1_sequence_counts_plot.txt:md5,8f0b661870c70fa37b74c81d61be0ad5",
                "fastqc-1_sequence_duplication_levels_plot.txt:md5,aa27aa03b7e4eeb2a22b8b7ac24194fe",
                "fastqc-status-check-heatmap.txt:md5,7d06360e828f3e153a0b21051d23911b",
                "fastqc_per_base_n_content_plot.txt:md5,ea371a265a80840751645c2476c98754",
                "fastqc_per_base_sequence_quality_plot.txt:md5,6362bc88473fc3c3e6d69a650fce6b3b",
                "fastqc_per_sequence_gc_content_plot_Counts.txt:md5,c8285b24c862d046d1dd1e5f8c4f1419",
                "fastqc_per_sequence_gc_content_plot_Percentages.txt:md5,d78f38d530511e784a915a1a1e587e72",
                "fastqc_per_sequence_quality_scores_plot.txt:md5,3e61d4e1bc67d2cf85c00d020f6a32a8",
                "fastqc_sequence_counts_plot.txt:md5,d1c81af14b6675c3f9f04125c1ecb484",
                "fastqc_sequence_duplication_levels_plot.txt:md5,e32366bc23f5fb89aa60ef7b0f29de03",
                "fastqc_sequence_length_distribution_plot.txt:md5,e7bcd66dce7ca3b41a70e518608c4586",
                "llms-full.txt:md5,7906d6b6c5f63a9bde2b5b4e0ca57655",
                "multiqc.parquet:md5,b84163e4e4d0854d9ca6dce0007826b6",
                "multiqc_bcftools_stats_bcftools.txt:md5,4382dc81babce9a0b5cd37327f0b96ed",
                "multiqc_citations.txt:md5,efb03f846418245e4baece0dd9fc976b",
                "multiqc_fastp.txt:md5,ba2ca62a56d21475cd2970bfafdc2e4e",
                "multiqc_fastqc.txt:md5,1dbca9f02b1b75f5df2ac02c81d78411",
                "multiqc_fastqc_fastqc-1.txt:md5,e49ae5a350035d161d70d5fc97a0b2d6",
                "multiqc_general_stats.txt:md5,81cc5a8ea082c199828bb8e8a51ef665",
                "multiqc_samtools_stats_samtools.txt:md5,5987746820f5dfbfd8a01f4a75e605fe",
                "samtools-stats-dp.txt:md5,94554acb89a19d743f329821be5e5d5b",
                "samtools_alignment_plot.txt:md5,8a8f69d3136d740258256f14513530a1",
                "samtools_insert_size.txt:md5,400f8c5858760cebf19cccfcf1748736",
                "02.fa:md5,5a1b47e59b09692f7ea9d35da64c0558",
                "aligned_pseudogenomes.fas:md5,ac7fdd9e8076f51851fd469a7f5dd7c3",
                "01.subsampled_1.fastq.gz:md5,67f961708debdc99dd25b6e45199bd5e",
                "01.subsampled_2.fastq.gz:md5,7d173d53ad835ed689ab7a5c5ac3d89b",
                "02.subsampled_1.fastq.gz:md5,c3a57b07c737ea41807a08e4d72d5100",
                "02.subsampled_2.fastq.gz:md5,900f282a3822240130b80b0ffd915652",
                "01_test_1.read_stats.csv:md5,ff40aaa6720a766448a3b8bde72f530f",
                "02_test_2.read_stats.csv:md5,c0186b0b0464a58d780334ebb63cc70a",
                "genome.fna.fai:md5,aa44b24652a42e538478dea3492480dd",
                "02.sorted.bam:md5,76b661cbd79d8d0ea9928eca16829fb5",
                "02.sorted.bam.bai:md5,9e461951cae728354aa2d8a3eb427929",
                "02.sorted.flagstat:md5,23ce0492dce1ce77e1350aa1632b1da9",
                "02.sorted.idxstats:md5,0670671323b7d1f14f15625c3c179b9f",
                "02.sorted.stats:md5,b8977c25c905ae726c2800c50a764d4e",
                "02.seqtk_stats.tsv:md5,bd6fe576e5972d925ff4ec45fed17eee",
                "mapping_summary.tsv:md5,2bd0d6bf722b827b613ea1c360f976db",
                "processed_fastq-scan_summary.tsv:md5,2aa64d4dff6aa9f062872634a2d5c08b",
                "raw_fastq-scan_summary.tsv:md5,d175a5a6fde88f7275b7833eff01e454",
                "read_stats_summary.tsv:md5,e24c3bce8a36a7ca8924ed05e45b0ae8"
            ]
        ],
        "timestamp": "2026-06-02T16:18:42.561619",
        "meta": {
            "nf-test": "0.9.5",
            "nextflow": "26.04.0"
        }
    }
}