{
    "-profile test": {
        "content": [
            20,
            {
                "BOWTIE2_BUILD": {
                    "bowtie2": "2.5.4"
                },
                "FASTP_PAIRED": {
                    "fastp": "1.1.0"
                },
                "FASTQC": {
                    "fastqc": "0.12.1"
                },
                "FASTQC_PROCESSED": {
                    "fastqc": "0.12.1"
                },
                "FASTQSCANPARSE_PROCESSED": {
                    "python": "3.13.5"
                },
                "FASTQSCANPARSE_RAW": {
                    "python": "3.13.5"
                },
                "FASTQSCAN_PROCESSED": {
                    "fastqscan": "0.4.4"
                },
                "FASTQSCAN_RAW": {
                    "fastqscan": "0.4.4"
                },
                "GET_GENOME_SIZE": {
                    "gawk": null
                },
                "GUNZIP": {
                    "gunzip": 1.13
                },
                "READSTATS_PARSE": {
                    "python": "3.13.5"
                },
                "READ_STATS": {
                    "python": "3.13.5"
                },
                "SAMTOOLS_FAIDX": {
                    "samtools": "1.23.1"
                },
                "Workflow": {
                    "nf-core/bactmap": "v2.0.0"
                }
            },
            [
                "bowtie2",
                "bowtie2/build",
                "bowtie2/build/bowtie2",
                "bowtie2/build/bowtie2/genome.1.bt2",
                "bowtie2/build/bowtie2/genome.2.bt2",
                "bowtie2/build/bowtie2/genome.3.bt2",
                "bowtie2/build/bowtie2/genome.4.bt2",
                "bowtie2/build/bowtie2/genome.rev.1.bt2",
                "bowtie2/build/bowtie2/genome.rev.2.bt2",
                "fastp",
                "fastp/01_test_1.fastp.html",
                "fastp/01_test_1.fastp.json",
                "fastp/01_test_1.fastp.log",
                "fastp/02_test_2.fastp.html",
                "fastp/02_test_2.fastp.json",
                "fastp/02_test_2.fastp.log",
                "fastqc",
                "fastqc/processed",
                "fastqc/processed/01_test_1_processed_1_fastqc.html",
                "fastqc/processed/01_test_1_processed_1_fastqc.zip",
                "fastqc/processed/01_test_1_processed_2_fastqc.html",
                "fastqc/processed/01_test_1_processed_2_fastqc.zip",
                "fastqc/processed/02_test_2_processed_1_fastqc.html",
                "fastqc/processed/02_test_2_processed_1_fastqc.zip",
                "fastqc/processed/02_test_2_processed_2_fastqc.html",
                "fastqc/processed/02_test_2_processed_2_fastqc.zip",
                "fastqc/raw",
                "fastqc/raw/01_test_1_raw_1_fastqc.html",
                "fastqc/raw/01_test_1_raw_1_fastqc.zip",
                "fastqc/raw/01_test_1_raw_2_fastqc.html",
                "fastqc/raw/01_test_1_raw_2_fastqc.zip",
                "fastqc/raw/02_test_2_raw_1_fastqc.html",
                "fastqc/raw/02_test_2_raw_1_fastqc.zip",
                "fastqc/raw/02_test_2_raw_2_fastqc.html",
                "fastqc/raw/02_test_2_raw_2_fastqc.zip",
                "fastqscan",
                "fastqscan/processed",
                "fastqscan/processed/01_test_1.processed.json",
                "fastqscan/processed/02_test_2.processed.json",
                "fastqscan/raw",
                "fastqscan/raw/01_test_1.raw.json",
                "fastqscan/raw/02_test_2.raw.json",
                "gunzip",
                "gunzip/genome.fna",
                "multiqc",
                "multiqc/multiqc_data",
                "multiqc/multiqc_data/fastp-insert-size-plot.txt",
                "multiqc/multiqc_data/fastp-seq-content-gc-plot_Read_1_After_filtering.txt",
                "multiqc/multiqc_data/fastp-seq-content-gc-plot_Read_1_Before_filtering.txt",
                "multiqc/multiqc_data/fastp-seq-content-gc-plot_Read_2_After_filtering.txt",
                "multiqc/multiqc_data/fastp-seq-content-gc-plot_Read_2_Before_filtering.txt",
                "multiqc/multiqc_data/fastp-seq-content-n-plot_Read_1_After_filtering.txt",
                "multiqc/multiqc_data/fastp-seq-content-n-plot_Read_1_Before_filtering.txt",
                "multiqc/multiqc_data/fastp-seq-content-n-plot_Read_2_After_filtering.txt",
                "multiqc/multiqc_data/fastp-seq-content-n-plot_Read_2_Before_filtering.txt",
                "multiqc/multiqc_data/fastp-seq-quality-plot_Read_1_After_filtering.txt",
                "multiqc/multiqc_data/fastp-seq-quality-plot_Read_1_Before_filtering.txt",
                "multiqc/multiqc_data/fastp-seq-quality-plot_Read_2_After_filtering.txt",
                "multiqc/multiqc_data/fastp-seq-quality-plot_Read_2_Before_filtering.txt",
                "multiqc/multiqc_data/fastp_filtered_reads_plot.txt",
                "multiqc/multiqc_data/fastqc-1-status-check-heatmap.txt",
                "multiqc/multiqc_data/fastqc-1_per_base_n_content_plot.txt",
                "multiqc/multiqc_data/fastqc-1_per_base_sequence_quality_plot.txt",
                "multiqc/multiqc_data/fastqc-1_per_sequence_gc_content_plot_Counts.txt",
                "multiqc/multiqc_data/fastqc-1_per_sequence_gc_content_plot_Percentages.txt",
                "multiqc/multiqc_data/fastqc-1_per_sequence_quality_scores_plot.txt",
                "multiqc/multiqc_data/fastqc-1_sequence_counts_plot.txt",
                "multiqc/multiqc_data/fastqc-1_sequence_duplication_levels_plot.txt",
                "multiqc/multiqc_data/fastqc-status-check-heatmap.txt",
                "multiqc/multiqc_data/fastqc_per_base_n_content_plot.txt",
                "multiqc/multiqc_data/fastqc_per_base_sequence_quality_plot.txt",
                "multiqc/multiqc_data/fastqc_per_sequence_gc_content_plot_Counts.txt",
                "multiqc/multiqc_data/fastqc_per_sequence_gc_content_plot_Percentages.txt",
                "multiqc/multiqc_data/fastqc_per_sequence_quality_scores_plot.txt",
                "multiqc/multiqc_data/fastqc_sequence_counts_plot.txt",
                "multiqc/multiqc_data/fastqc_sequence_duplication_levels_plot.txt",
                "multiqc/multiqc_data/fastqc_sequence_length_distribution_plot.txt",
                "multiqc/multiqc_data/llms-full.txt",
                "multiqc/multiqc_data/multiqc.log",
                "multiqc/multiqc_data/multiqc.parquet",
                "multiqc/multiqc_data/multiqc_citations.txt",
                "multiqc/multiqc_data/multiqc_data.json",
                "multiqc/multiqc_data/multiqc_fastp.txt",
                "multiqc/multiqc_data/multiqc_fastqc.txt",
                "multiqc/multiqc_data/multiqc_fastqc_fastqc-1.txt",
                "multiqc/multiqc_data/multiqc_general_stats.txt",
                "multiqc/multiqc_data/multiqc_software_versions.txt",
                "multiqc/multiqc_data/multiqc_sources.txt",
                "multiqc/multiqc_report.html",
                "pipeline_info",
                "pipeline_info/nf_core_bactmap_software_mqc_versions.yml",
                "read_stats",
                "read_stats/01_test_1.read_stats.csv",
                "read_stats/02_test_2.read_stats.csv",
                "samtools",
                "samtools/faidx",
                "samtools/faidx/genome.fna.fai",
                "summaries",
                "summaries/processed_fastq-scan_summary.tsv",
                "summaries/raw_fastq-scan_summary.tsv",
                "summaries/read_stats_summary.tsv"
            ],
            [
                "genome.1.bt2:md5,829b755b64d0ca0edfeacffdebef1c0b",
                "genome.2.bt2:md5,4845f032a953c5a4da5cdf49723eebd2",
                "genome.3.bt2:md5,6d1095f738d00d1bde2dc4f954b33179",
                "genome.4.bt2:md5,ab585b4ebed19b28fb670547aecdccf0",
                "genome.rev.1.bt2:md5,a1cc6383eb8d90710502a540f87bfa13",
                "genome.rev.2.bt2:md5,871b69582268b9404cb1884a401cdc39",
                "01_test_1.fastp.html:md5,9fd3409fad2ae2f6c1952cc23c43d330",
                "01_test_1.fastp.json:md5,4d6250d87878809fad712f64efadc570",
                "01_test_1.fastp.log:md5,c3eb8af673e5924bc04b8d9ba08a359d",
                "02_test_2.fastp.html:md5,1319dbc6a9fbfea7561301c0d93f5206",
                "02_test_2.fastp.json:md5,4b3c4e8666cab929e73a13b72db3d397",
                "02_test_2.fastp.log:md5,71cc5e44a38657da51d9682b230f4644",
                "01_test_1_processed_1_fastqc.html:md5,55733f16a4ee783a528adc2f47cf92cd",
                "01_test_1_processed_1_fastqc.zip:md5,e8ef0fd11f517133d17223ff300de4d0",
                "01_test_1_processed_2_fastqc.html:md5,1d5f85f268af2772b461a92c95c04538",
                "01_test_1_processed_2_fastqc.zip:md5,e41997516625b05c81c23e2dcd28bdd4",
                "02_test_2_processed_1_fastqc.html:md5,fd92269a1d23588332b8717b26faf8a0",
                "02_test_2_processed_1_fastqc.zip:md5,f217a9cb91cd41356b7bd687fa54430e",
                "02_test_2_processed_2_fastqc.html:md5,c722218b369664aed52f82b9ab21e1b6",
                "02_test_2_processed_2_fastqc.zip:md5,cf1ec22a1896ca37bee503b2137cbb07",
                "01_test_1_raw_1_fastqc.html:md5,fa316c147647b92771ac3b37b47975a0",
                "01_test_1_raw_1_fastqc.zip:md5,6796edb3dee96438f4f38c7eb1ff0d1e",
                "01_test_1_raw_2_fastqc.html:md5,c4222a524d22e32cab9f169a07ca404a",
                "01_test_1_raw_2_fastqc.zip:md5,18c51a9fe5ef8caf455c8eb3d5caa16b",
                "02_test_2_raw_1_fastqc.html:md5,2447c6d40f40ad477273a2c5795456c8",
                "02_test_2_raw_1_fastqc.zip:md5,63b743fc8fc170f5be476472114e11ff",
                "02_test_2_raw_2_fastqc.html:md5,35da7d317d079b4b2f94b1e06babc879",
                "02_test_2_raw_2_fastqc.zip:md5,835745b772982aa48eec0a99c5f2ac5d",
                "01_test_1.processed.json:md5,125efed1942221fbf536885fbf475e66",
                "02_test_2.processed.json:md5,78fbdb421671f255b1c0e12cfe0653a4",
                "01_test_1.raw.json:md5,39066d3164d2dbdc7a198468cacaf838",
                "02_test_2.raw.json:md5,3cb79d84ea9de94940e4d1799c0e1c2b",
                "genome.fna:md5,dafd38f5454b54fbea38245d773062a5",
                "fastp-insert-size-plot.txt:md5,162036bf69d2dc7386b43f2bdadac877",
                "fastp-seq-content-gc-plot_Read_1_After_filtering.txt:md5,4edee862ece4eecb5045589a36786591",
                "fastp-seq-content-gc-plot_Read_1_Before_filtering.txt:md5,e1ed0f20f9ee5f6e08a7e4deb49ceb35",
                "fastp-seq-content-gc-plot_Read_2_After_filtering.txt:md5,e96f6d5adfea94d5a3c1c1f69b9447fc",
                "fastp-seq-content-gc-plot_Read_2_Before_filtering.txt:md5,90b5d0855fa34315556fe0cbbb5b4ff3",
                "fastp-seq-content-n-plot_Read_1_After_filtering.txt:md5,9b2e257b68d6fcc7db96f0d8630dd1b7",
                "fastp-seq-content-n-plot_Read_1_Before_filtering.txt:md5,9b2e257b68d6fcc7db96f0d8630dd1b7",
                "fastp-seq-content-n-plot_Read_2_After_filtering.txt:md5,9b2e257b68d6fcc7db96f0d8630dd1b7",
                "fastp-seq-content-n-plot_Read_2_Before_filtering.txt:md5,353cfe0f9e9a15e5eb33e842755d9d4e",
                "fastp-seq-quality-plot_Read_1_After_filtering.txt:md5,4634d3dc04a6c471c3431947d300fef4",
                "fastp-seq-quality-plot_Read_1_Before_filtering.txt:md5,9dad9391b6b77bd6f4bf117e13370e8a",
                "fastp-seq-quality-plot_Read_2_After_filtering.txt:md5,1716923bf26234eea1e5eff9be484423",
                "fastp-seq-quality-plot_Read_2_Before_filtering.txt:md5,01f6e617cc8ed0d81678dff0fe09fe78",
                "fastp_filtered_reads_plot.txt:md5,b0bb82fc4a23564c834ef8c4f4706faf",
                "fastqc-1-status-check-heatmap.txt:md5,2958bbda783b97cef0b64530cbdbb01d",
                "fastqc-1_per_base_n_content_plot.txt:md5,ab8e8d876edde1e457b3153888c88107",
                "fastqc-1_per_base_sequence_quality_plot.txt:md5,ebfcb629f7713a7de62f8cc714227258",
                "fastqc-1_per_sequence_gc_content_plot_Counts.txt:md5,64b4384f9eef2f7c6256b3df0d68d56a",
                "fastqc-1_per_sequence_gc_content_plot_Percentages.txt:md5,d2a0fc017d5ba88e777c855bf89732b9",
                "fastqc-1_per_sequence_quality_scores_plot.txt:md5,c2bc0602f70325f7fb82678c235ad3be",
                "fastqc-1_sequence_counts_plot.txt:md5,8f0b661870c70fa37b74c81d61be0ad5",
                "fastqc-1_sequence_duplication_levels_plot.txt:md5,aa27aa03b7e4eeb2a22b8b7ac24194fe",
                "fastqc-status-check-heatmap.txt:md5,7d06360e828f3e153a0b21051d23911b",
                "fastqc_per_base_n_content_plot.txt:md5,ea371a265a80840751645c2476c98754",
                "fastqc_per_base_sequence_quality_plot.txt:md5,6362bc88473fc3c3e6d69a650fce6b3b",
                "fastqc_per_sequence_gc_content_plot_Counts.txt:md5,c8285b24c862d046d1dd1e5f8c4f1419",
                "fastqc_per_sequence_gc_content_plot_Percentages.txt:md5,d78f38d530511e784a915a1a1e587e72",
                "fastqc_per_sequence_quality_scores_plot.txt:md5,3e61d4e1bc67d2cf85c00d020f6a32a8",
                "fastqc_sequence_counts_plot.txt:md5,d1c81af14b6675c3f9f04125c1ecb484",
                "fastqc_sequence_duplication_levels_plot.txt:md5,e32366bc23f5fb89aa60ef7b0f29de03",
                "fastqc_sequence_length_distribution_plot.txt:md5,e7bcd66dce7ca3b41a70e518608c4586",
                "llms-full.txt:md5,2779f69a5285937ca2ee7c0f106ede44",
                "multiqc.parquet:md5,6c1223e86e8b8ed0ca7d443d120a1042",
                "multiqc_citations.txt:md5,d35df50e9903a96a2b3bce3c1fbc8ad2",
                "multiqc_fastp.txt:md5,ba2ca62a56d21475cd2970bfafdc2e4e",
                "multiqc_fastqc.txt:md5,1dbca9f02b1b75f5df2ac02c81d78411",
                "multiqc_fastqc_fastqc-1.txt:md5,e49ae5a350035d161d70d5fc97a0b2d6",
                "multiqc_general_stats.txt:md5,00e295b5c8ff5e8942398ed19477defa",
                "01_test_1.read_stats.csv:md5,ff40aaa6720a766448a3b8bde72f530f",
                "02_test_2.read_stats.csv:md5,c0186b0b0464a58d780334ebb63cc70a",
                "genome.fna.fai:md5,aa44b24652a42e538478dea3492480dd",
                "processed_fastq-scan_summary.tsv:md5,2aa64d4dff6aa9f062872634a2d5c08b",
                "raw_fastq-scan_summary.tsv:md5,d175a5a6fde88f7275b7833eff01e454",
                "read_stats_summary.tsv:md5,e24c3bce8a36a7ca8924ed05e45b0ae8"
            ]
        ],
        "timestamp": "2026-05-27T16:30:12.643026",
        "meta": {
            "nf-test": "0.9.5",
            "nextflow": "26.04.0"
        }
    }
}